A51 MACRO ASSEMBLER  EX0                                                                  04/10/2026 12:48:35 PAGE     1


MACRO ASSEMBLER A51 V8.2.7.0
OBJECT MODULE PLACED IN .\Objects\EX0.obj
ASSEMBLER INVOKED BY: C:\Keil_v5\C51\BIN\A51.EXE EX0.A51 SET(SMALL) DEBUG PRINT(.\Listings\EX0.lst) OBJECT(.\Objects\EX0
                      .obj) EP

LOC  OBJ            LINE     SOURCE

0000                   1             ORG     00H
0000 802E              2             JMP     START
0030                   3             ORG     30H
0030                   4     START:
0030 780A              5             MOV     R0,#10          ; R0 : 迴圈計數
0032 90005F            6             MOV     DPTR,#TABLE ; DPTR 指向 LED 顯示資料表
0035                   7     d1:
0035 1150              8             CALL    READ_LEDCODE    ; 讀LED 碼
0037 F580              9             MOV     P0,A            ; 將LED 碼 送到PORT-0
0039 A3               10             INC     DPTR            ; 指向下一筆 LED 顯示資料
003A 7D19             11             MOV     R5,#25 ;延遲0.5秒
003C 1154             12             CALL    DELAY
003E 758000           13             MOV     P0,#00000000B ;全熄
0041 7D0F             14             MOV     R5,#15 ;延遲0.3秒
0043 1154             15             CALL    DELAY
0045 758000           16             MOV     P0,#00000000B
0048 7D64             17             MOV     R5,#100 ;延遲2秒
004A 1154             18             CALL DELAY
004C D8E7             19             DJNZ    R0,d1
004E 80E0             20             JMP     START;
                      21     
                      22     
                      23     
                      24     ;@@@@@@@@@@@@@@@@@@@@@@@@@@@@@@@@@@@@@@@@@@@@
                      25     ; 副程式名稱 ︰ READ_LEDCODE
                      26     ; 功  能    ︰ 讀LED 碼儲存在累積器 ACC 中
                      27     ;使用暫存器  ︰ A,DPTR
                      28     ;@@@@@@@@@@@@@@@@@@@@@@@@@@@@@@@@@@@@@@@@@@@@
                      29     
                      30     
                      31     
0050                  32     READ_LEDCODE:
0050 7400             33             MOV     A,#0            ;
0052 93               34             MOVC    A,@A+DPTR       ; 將查表所得之資料送至 P0
0053 22               35             RET;
                      36     
                      37     
                      38     
                      39     ; delay time=R5*(20ms)
0054                  40     DELAY:
0054 7E28             41             MOV     R6,#40
0056 7FF9             42     DEL:    MOV     R7,#249
0058 DFFE             43     a1:     DJNZ    R7,a1
005A DEFA             44             DJNZ    R6,DEL
005C DDF6             45             DJNZ    R5,DELAY
005E 22               46     RET
                      47     
                      48     
                      49     
                      50     ;@@@@@@@@@@@@@@@@@@@@@@@@@@@@@@@@@@@@@@@@@@@@
                      51     ; LED_TABLE  的資料 1 表示LED 會亮
                      52     ;@@@@@@@@@@@@@@@@@@@@@@@@@@@@@@@@@@@@@@@@@@@@
                      53     
                      54     
005F                  55     TABLE:
005F FC               56             DB 11111100B ;共陰極之0
0060 60               57             DB 01100000B ;共陰極之1
A51 MACRO ASSEMBLER  EX0                                                                  04/10/2026 12:48:35 PAGE     2

0061 F2               58             DB 11110010B ;共陰極之3
0062 3E               59             DB 00111110B ;共陰極之6
0063 9C               60             DB 10011100B ;共陰極之C
0064 FC               61             DB 11111100B ;共陰極之0
0065 FC               62             DB 11111100B ;共陰極之0
0066 FE               63             DB 11111110B ;共陰極之8    
                      64     
                      65     END
A51 MACRO ASSEMBLER  EX0                                                                  04/10/2026 12:48:35 PAGE     3

SYMBOL TABLE LISTING
------ ----- -------


N A M E             T Y P E  V A L U E   ATTRIBUTES

A1 . . . . . . . .  C ADDR   0058H   A   
D1 . . . . . . . .  C ADDR   0035H   A   
DEL. . . . . . . .  C ADDR   0056H   A   
DELAY. . . . . . .  C ADDR   0054H   A   
P0 . . . . . . . .  D ADDR   0080H   A   
READ_LEDCODE . . .  C ADDR   0050H   A   
START. . . . . . .  C ADDR   0030H   A   
TABLE. . . . . . .  C ADDR   005FH   A   


REGISTER BANK(S) USED: 0 


ASSEMBLY COMPLETE.  0 WARNING(S), 0 ERROR(S)
